[11:24:23]: I/Tether.FileServer: started on port 56344, downloads → /Users/artem/Downloads/Tether
com.arkivanov.decompose.mainthread.NotOnMainThreadException: Expected to be called on the main thread, but was main
	at com.arkivanov.decompose.mainthread.CheckMainThreadKt.checkMainThread(CheckMainThread.kt:7)
	at com.arkivanov.decompose.router.children.EventProcessor.process(ChildrenFactory.kt:162)
	at com.arkivanov.decompose.router.children.ChildrenFactoryKt$children$9.invoke(ChildrenFactory.kt:129)
	at com.arkivanov.decompose.router.children.ChildrenFactoryKt$children$9.invoke(ChildrenFactory.kt:129)
	at com.arkivanov.decompose.Relay.drainLoop(Relay.kt:40)
	at com.arkivanov.decompose.Relay.accept(Relay.kt:21)
	at com.arkivanov.decompose.router.children.ChildrenFactoryKt.children(ChildrenFactory.kt:150)
	at com.arkivanov.decompose.router.children.ChildrenFactoryKt.children$default(ChildrenFactory.kt:110)
	at com.arkivanov.decompose.router.stack.ChildStackFactoryKt.childStack(ChildStackFactory.kt:113)
	at com.arkivanov.decompose.router.stack.ChildStackFactoryKt.childStack(ChildStackFactory.kt:41)
	at com.arkivanov.decompose.router.stack.ChildStackFactoryKt.childStack(ChildStackFactory.kt:76)
	at com.arkivanov.decompose.router.stack.ChildStackFactoryKt.childStack$default(ChildStackFactory.kt:68)
	at com.tubetoast.tether.presentation.RootComponent.<init>(RootComponent.kt:34)
	at com.tubetoast.tether.presentation.RootComponentFactory.create(RootComponentFactory.kt:10)
	at com.tubetoast.tether.MainUiKt$main$1.invokeSuspend(MainUi.kt:29)
	at kotlin.coroutines.jvm.internal.BaseContinuationImpl.resumeWith(ContinuationImpl.kt:34)
	at kotlinx.coroutines.DispatchedTask.run(DispatchedTask.kt:100)
	at kotlinx.coroutines.EventLoopImplBase.processNextEvent(EventLoop.common.kt:263)
	at kotlinx.coroutines.BlockingCoroutine.joinBlocking(Builders.kt:94)
	at kotlinx.coroutines.BuildersKt__BuildersKt.runBlocking(Builders.kt:70)
	at kotlinx.coroutines.BuildersKt.runBlocking(Unknown Source)
	at kotlinx.coroutines.BuildersKt__BuildersKt.runBlocking$default(Builders.kt:48)
	at kotlinx.coroutines.BuildersKt.runBlocking$default(Unknown Source)
	at com.tubetoast.tether.MainUiKt.main(MainUi.kt:19)
	at com.tubetoast.tether.MainUiKt.main(MainUi.kt)
[11:29:19]: I/Tether.FileServer: stopped
